<html>
<body>
<pre>
<h1>礦ision Build Log</h1>
<h2>Tool Versions:</h2>
IDE-Version: μVision V5.18.0.0
Copyright (C) 2016 ARM Ltd and ARM Germany GmbH. All rights reserved.
License Information: 1 1, 1, LIC=EPPMM-X9PNP-KUV4L-0XXRW-48UHE-THFHC
 
Tool Versions:
Toolchain:       MDK-ARM Professional  Version: 5.18
Toolchain Path:  D:\Keil_v5\ARM\ARMCC\Bin
C Compiler:      Armcc.exe V5.06 update 1 (build 61)
Assembler:       Armasm.exe V5.06 update 1 (build 61)
Linker/Locator:  ArmLink.exe V5.06 update 1 (build 61)
Library Manager: ArmAr.exe V5.06 update 1 (build 61)
Hex Converter:   FromElf.exe V5.06 update 1 (build 61)
CPU DLL:         SARMCM3.DLL V5.18
Dialog DLL:      DCM.DLL V1.13.6.0
Target DLL:      STLink\ST-LINKIII-KEIL_SWO.dll V2.0.18.0
Dialog DLL:      TCM.DLL V1.14.8.0
 
<h2>Project:</h2>
D:\stm32CubeMx\Hero_Chassis_V1\MDK-ARM\Hero_chassis_v1.uvprojx
Project File Date:  05/30/2020

<h2>Output:</h2>
*** Using Compiler 'V5.06 update 1 (build 61)', folder: 'D:\Keil_v5\ARM\ARMCC\Bin'
Build target 'Hero_chassis_v1'
compiling main.c...
compiling bsp_referee.c...
compiling bullet_task.c...
compiling chassis_task.c...
tasks\chassis_task.c(100): warning:  #1035-D: single-precision operand implicitly converted to double-precision
  				if(degree<0.1&&degree>-0.1)  wz=2000;			//当转到枪???氤???平??时，停止??转
tasks\chassis_task.c: 1 warning, 0 errors
linking...
Program Size: Code=11700 RO-data=520 RW-data=116 ZI-data=6756  
FromELF: creating hex file...
"Hero_chassis_v1\Hero_chassis_v1.axf" - 0 Error(s), 1 Warning(s).

<h2>Software Packages used:</h2>

Package Vendor: ARM
                http://www.keil.com/pack/ARM.CMSIS.5.6.0.pack
                ARM::CMSIS:CORE:5.3.0
                CMSIS (Cortex Microcontroller Software Interface Standard)
   * Component: CORE Version: 5.3.0

<h2>Collection of Component include folders:</h2>
  D:\stm32CubeMx\Hero_Chassis_V1\MDK-ARM\RTE
  D:\Arm\Packs\ARM\CMSIS\5.6.0\CMSIS\Core\Include
  D:\Arm\Packs\Keil\STM32F3xx_DFP\2.1.0\Drivers\CMSIS\Device\ST\STM32F3xx\Include

<h2>Collection of Component Files used:</h2>

   * Component: ARM::CMSIS:CORE:5.3.0
Build Time Elapsed:  00:00:10
</pre>
</body>
</html>
